- Pascal-FC for IBM PC compatibles - 
- Compiler Version jc-0.9.40

G L Davies  &  A Burns, University of Bradford
J C Coppens, Universidad Católica de Córdoba

Compiler listing

    1     0 program gardens1;
    2     0 var
    3     0         count: integer;
    4     0         s : semaphore;
    5     0 process turnstile1(var s:semaphore);
    6     0 var
    7     0         loop: integer;
    8     0 begin
    9     0         for loop := 1 to 5 do
   10     4         begin
   11     4                 wait(s);
   12     6                 count := count + 1;
   13    11                 signal(s);
   14    13         end;
   15    14 end; (* turnstile1 *)
   16    15 
   17    15 process turnstile2(var s:semaphore);
   18    15 var
   19    15         loop: integer;
   20    15 begin
   21    15         for loop := 1 to 5 do
   22    19         begin
   23    19                 wait(s);
   24    21                 count := count + 1;
   25    26                 signal(s);
   26    28         end;
   27    29 end; (* turnstile2 *)
   28    30 
   29    30 begin
   30    30         initial(s,1);
   31    34         count := 0;
   32    37         cobegin
   33    38                 turnstile1(s);
   34    43                 turnstile2(s);
   35    48         coend;
   36    49         writeln('Total admitted: ',count)
   37    53 end.


Symbol table

     link   object      type          ref  normal  lvl  adr  aux  name

 56    55   procedure   notyp           2    TRUE    0   30    0  _main
 57     0   variable    synch           0    TRUE    1    5    0  any
 58    57   variable    integer         0    TRUE    1    5    0  count
 59    58   variable    semaphore       0    TRUE    1    6    0  s
 60    59   variable    process         3    TRUE    1    7    0  turnstile1
 61    60   type id     process         3    TRUE    1    0    0  $
 62     0   variable    semaphore       0   FALSE    2    5    0  s
 63    62   variable    integer         0    TRUE    2    6    0  loop
 64    61   variable    process         4    TRUE    1    8    0  turnstile2
 65    64   type id     process         4    TRUE    1   15    0  $
 66     0   variable    semaphore       0   FALSE    2    5    0  s
 67    66   variable    integer         0    TRUE    2    6    0  loop

Generated P-code

    0     ldadr        2         6 ; 8
    1     ldcon.i      0         1 ; 9
    2     ldcon.i      0         5 ; 9
    3     for1u.i      0        14 ; 9
    4     ldval.adr    2         5 ; 11
    5     wait         0         0 ; 11
    6     ldadr        1         5 ; 11
    7     ldval.i      1         5 ; 12
    8     ldcon.i      0         1 ; 12
    9     add  .i      0         0 ; 12
   10     store.i      0         0 ; 12
   11     ldval.adr    2         5 ; 13
   12     signl        0         0 ; 13
   13     for2u.i      0         4 ; 13
   14     rproc        1         0 ; 14
   15     ldadr        2         6 ; 20
   16     ldcon.i      0         1 ; 21
   17     ldcon.i      0         5 ; 21
   18     for1u.i      0        29 ; 21
   19     ldval.adr    2         5 ; 23
   20     wait         0         0 ; 23
   21     ldadr        1         5 ; 23
   22     ldval.i      1         5 ; 24
   23     ldcon.i      0         1 ; 24
   24     add  .i      0         0 ; 24
   25     store.i      0         0 ; 24
   26     ldval.adr    2         5 ; 25
   27     signl        0         0 ; 25
   28     for2u.i      0        19 ; 25
   29     rproc        1         0 ; 26
   30     ldadr        1         6 ; 30
   31     ldcon.i      0         1 ; 30
   32     lobnd.i      0         0 ; 30
   33     sinit        0         0 ; 30
   34     ldadr        1         5 ; 30
   35     ldcon.i      0         0 ; 31
   36     store.i      0         0 ; 31
   37     cobeg        0         0 ; 31
   38     mrkst        1        61 ; 32
   39     ldadr        1         7 ; 32
   40     procv        0         0 ; 32
   41     ldadr        1         6 ; 33
   42     calls        1         5 ; 33
   43     mrkst        1        65 ; 33
   44     ldadr        1         8 ; 33
   45     procv        0         0 ; 33
   46     ldadr        1         6 ; 34
   47     calls        1         5 ; 34
   48     coend        0         0 ; 34
   49     ldcon.i      0        16 ; 36
   50     wrstr        0         0 ; 36
   51     ldval.i      1         5 ; 36
   52     wrval.i      0         0 ; 36
   53     wrlin        0         0 ; 36
   54     stop         0         0 ; 36
