- Pascal-FC for IBM PC compatibles - 
- Compiler Version jc-0.9.40

G L Davies  &  A Burns, University of Bradford
J C Coppens, Universidad Católica de Córdoba

Compiler listing

    1     0 program gardens1;
    2     0 var
    3     0         count: integer;
    4     0 process turnstile1;
    5     0 var
    6     0         loop: integer;
    7     0 begin
    8     0         for loop := 1 to 5 do
    9     4         begin
   10     4                 count := count + 1;
   11     9         end;
   12    10 end; (* turnstile1 *)
   13    11         process turnstile2;
   14    11 var
   15    11         loop: integer;
   16    11 begin
   17    11         for loop := 1 to 5 do
   18    15         begin
   19    15                 count := count + 1;
   20    20         end;
   21    21 end; (* turnstile2 *)
   22    22 begin
   23    22         count := 0;
   24    25         cobegin
   25    26                 turnstile1;
   26    30                 turnstile2;
   27    34         coend;
   28    35         writeln('Total admitted: ',count)
   29    39 end.


Symbol table

     link   object      type          ref  normal  lvl  adr  aux  name

 56    55   procedure   notyp           2    TRUE    0   22    0  _main
 57     0   variable    synch           0    TRUE    1    5    0  any
 58    57   variable    integer         0    TRUE    1    5    0  count
 59    58   variable    process         3    TRUE    1    6    0  turnstile1
 60    59   type id     process         3    TRUE    1    0    0  $
 61     0   variable    integer         0    TRUE    2    5    0  loop
 62    60   variable    process         4    TRUE    1    7    0  turnstile2
 63    62   type id     process         4    TRUE    1   11    0  $
 64     0   variable    integer         0    TRUE    2    5    0  loop

Generated P-code

    0     ldadr        2         5 ; 7
    1     ldcon.i      0         1 ; 8
    2     ldcon.i      0         5 ; 8
    3     for1u.i      0        10 ; 8
    4     ldadr        1         5 ; 9
    5     ldval.i      1         5 ; 10
    6     ldcon.i      0         1 ; 10
    7     add  .i      0         0 ; 10
    8     store.i      0         0 ; 10
    9     for2u.i      0         4 ; 10
   10     rproc        1         0 ; 11
   11     ldadr        2         5 ; 16
   12     ldcon.i      0         1 ; 17
   13     ldcon.i      0         5 ; 17
   14     for1u.i      0        21 ; 17
   15     ldadr        1         5 ; 18
   16     ldval.i      1         5 ; 19
   17     ldcon.i      0         1 ; 19
   18     add  .i      0         0 ; 19
   19     store.i      0         0 ; 19
   20     for2u.i      0        15 ; 19
   21     rproc        1         0 ; 20
   22     ldadr        1         5 ; 22
   23     ldcon.i      0         0 ; 23
   24     store.i      0         0 ; 23
   25     cobeg        0         0 ; 23
   26     mrkst        1        60 ; 24
   27     ldadr        1         6 ; 24
   28     procv        0         0 ; 24
   29     calls        1         4 ; 24
   30     mrkst        1        63 ; 25
   31     ldadr        1         7 ; 25
   32     procv        0         0 ; 25
   33     calls        1         4 ; 25
   34     coend        0         0 ; 26
   35     ldcon.i      0        16 ; 28
   36     wrstr        0         0 ; 28
   37     ldval.i      1         5 ; 28
   38     wrval.i      0         0 ; 28
   39     wrlin        0         0 ; 28
   40     stop         0         0 ; 28
